# Title

# Description 

# Steps to reproduce

# Proof of concept 

# Impact

# Mitigation
